SOURCELONG:Birthright Campaign Setting
SOURCESHORT:BCS
# Based on the sourcebook and on http://www.birthright.net/forums/showwiki.php?title=BRCS:Chapter_four_Gods_and_religion

Haelyn
	KEY:Haelyn
	SORTKEY:01_Birthright
	ALIGN:LG
	FACT:Title|Lawmaker
	FACT:Symbol|Silver sword over a golden sunburst
	FACT:Worshippers|Anuirean,Paladin,Fighter,Noble,Regent,Officer
	FACTSET:Pantheon|Birthright
	FACTSET:Race|Human
	DESC:Haelyn (Anuire, Brechtür, Vosgaard), Halaïa (Khinasi), Holn (Rjurik). Haelyn (HAY-lynn) is the lord of justice and chivalry, and patron of the Anuirean people. He is the paragon of kings and paladins, and is worshiped throughout Cerilia by those seeking order through law. 
	DOMAINS:Good,Justice,Law,Nobility,War|PREALIGN:LG,LN,LE,NG,CG

Erik
	KEY:Erik
	SORTKEY:01_Birthright
	ALIGN:N
	FACT:Title|Old Father of the Forests
	FACT:Symbol|An oak tree
	FACT:Worshippers|Rjurik,Druid,Barbarian,Ranger,Hunter,Farmer,Traveller
	FACTSET:Pantheon|Birthright
	FACTSET:Race|Human
	DESC:Aeric (Anuire), Erik (Brechtür, Rjurik), Iraikhan (Vosgaard). Erik (AIR-ick) is the forest lord, the god of nature, protector of the wilderness, and patron of the Rjurik.
	DOMAINS:Animal,Earth,Plant,Wilderness|PREALIGN:LN,TN,CN,NG,NE

Cuiraécen
	KEY:Cuiraécen
	SORTKEY:01_Birthright
	ALIGN:CG
	FACT:Title|Stormlord
	FACT:Symbol|Lightning bolt crossed by a sword
	FACT:Worshippers|Anuirean,Barbarian,Fighter,Paladin
	FACTSET:Pantheon|Birthright
	FACTSET:Race|Human
	DESC:Cuiraécen (Anuire), Kirche (Brechtür), Khirdai (Khinasi), Kirken (Rjurik). Cuiraécen (koo-RAY-eh-KEN) is the son of Haelyn and Nesirie. The god of battle is the patron of young warriors, for he is the representation of reckless courage and victory through strength.
	DOMAINS:Chaos,Good,Strength,Storm,War|PREALIGN:NG,CG,TN,CN,NE,CE

Avani
	KEY:Avani
	SORTKEY:01_Birthright
	ALIGN:LN
	FACT:Title|Lady of Reason
	FACT:Symbol|A rising sun
	FACT:Worshippers|Khinasi,Magician,Paladin,Sorcerer,Wizard,Scholar,Philosopher
	FACTSET:Pantheon|Birthright
	FACTSET:Race|Human
	DESC:Avanalae (Anuire), Lana (Brechtür), Avani (Khinasi), Vani (Rjurik). Avani (ah-VON-ee) is goddess of the sun, reason, and magic.
	DOMAINS:Law,Knowledge,Magic,Reason,Sun|PREALIGN:LG,NG,CG,LN,TN,CN,LE,NE,CE

Belinik
	KEY:Belinik
	SORTKEY:01_Birthright
	ALIGN:CE
	FACT:Title|Lord of Strife
	FACT:Symbol|Crossed axes
	FACT:Worshippers|Vos male,Barbarian,Fighter,Tyrant
	FACTSET:Pantheon|Birthright
	FACTSET:Race|Human
	DESC:Belinik (Anuire, Khinasi, Rjurik, Vosgaard), Alenecht (Brechtür). Belinik (bell-in-ICK) is the god of war, strife, competition and hatred.
	DOMAINS:Chaos,Evil,Strength,Terror,War|PREALIGN:NG,CG,TN,CN,NE,CE

Eloéle
	KEY:Eloéle
	SORTKEY:01_Birthright
	ALIGN:CN
	FACT:Title|Sister of Thieves
	FACT:Symbol|Black dagger
	FACT:Worshippers|Rogue,Thief,Smuggler,Spy,Liar
	FACTSET:Pantheon|Birthright
	FACTSET:Race|Human
	DESC:Eloéle (Anuire), Éla (Brechtür), Elyal (Vosgaard). Eloéle (eh-LOW-eh-lay) is the lady of the night and the mistress of thieves, spies, and others who hide their activities from view. She deceives as naturally as others breathe; those who lie by design or habit also take her as their patron.
	DOMAINS:Chaos,Illusion,Night,Trickery|PREALIGN:NG,CG,TN,CN,NE,CE

Kriesha
	KEY:Kriesha
	SORTKEY:01_Birthright
	ALIGN:LE
	FACT:Title|The Ice Lady
	FACT:Symbol|White hand
	FACT:Worshippers|Vos female,Barbarian,Witch
	FACTSET:Pantheon|Birthright
	FACTSET:Race|Human
	DESC:Kriestal (Brechtür), Karesha (Rjurik), Kriesha (Vosgaard). Kriesha (KREE-sha) is the goddess of winter -- long, bitter, harsh winter -- the sort of season in which the cold seeps into the warmest homes and in which the wolf packs sate their terrible hunger on those foolish enough to brave the storms.
	DOMAINS:Evil,Law,Suffering,Winter|PREALIGN:LN,TN,CN,LE,NE,CE

Laerme
	KEY:Laerme
	SORTKEY:01_Birthright
	ALIGN:CG
	FACT:Title|Goddess of Fire, Beauty, and Art
	FACT:Symbol|Silver harp against a red flame
	FACT:Worshippers|Bard,Artisan,Lover
	FACTSET:Pantheon|Birthright
	FACTSET:Race|Human
	DESC: Laerme (Anuire, Brechtür), Leira (Khinasi), Lara (Rjurik), Ayairda (Vosgaard). Laerme (Lair-ME) is the goddess of warmth and passion. The goddess of art freely rewards or inspires any who seek to create art and beauty.
	DOMAINS:Chaos,Charm,Flame,Good|PREALIGN:LG,NG,CG,LN,TN,CN

Nesirie
	KEY:Nesirie
	SORTKEY:01_Birthright
	ALIGN:NG
	FACT:Title|Lady of Mourning
	FACT:Symbol|Trident and wave
	FACT:Worshippers|Masetian,Paladin,Healer,Sailor,Mourner
	FACTSET:Pantheon|Birthright
	FACTSET:Race|Human
	DESC:Nesirie (Anuire), Nasri (Khinasi), Narikja (Rjurik), Neira (Brechtür). Nesirie (neh-SEA-ree-ay) is the goddess of the sea and provider and guardian of those who make their living upon it. She is also the goddess of mourning and remembrance of people and things past.
	DOMAINS:Good,Healing,Protection,Sea|PREALIGN:LG,NG,CG,LN,TN,CN,LE,NE,CE

Ruornil
	KEY:Ruornil
	SORTKEY:01_Birthright
	ALIGN:N
	FACT:Title|The Silver Prince
	FACT:Symbol|Moon and night sky
	FACT:Worshippers|Wizard,Sorcerer,Magician,Explorer,Advisor,Counsellor
	FACTSET:Pantheon|Birthright
	FACTSET:Race|Human
	DESC:Ruornil (Anuire, Brechtür), Rilni (Khinasi), Lirorn (Rjurik), Lirovka (Vosgaard). Ruornil (roo-OR-nil) is the lord of the moon, of magic, and the guardian of mystical places.
	DOMAINS:Knowledge,Magic,Moon,Spell|PREALIGN:LG,NG,CG,LN,TN,CN,LE,NE,CE

Sera
	KEY:Sera
	SORTKEY:01_Birthright
	ALIGN:CN
	FACT:Title|Lady of Fortune
	FACT:Symbol|Silver scales
	FACT:Worshippers|Brecht,Noble,Rogue,Merchant,Bard
	FACTSET:Pantheon|Birthright
	FACTSET:Race|Human
	DESC:Sarimie (Anuire), Sera (Brechtür, Rjurik), Sarma (Khinasi), Sirova (Vosgaard). Sera (SAIR-ah) is the deity of fortune and luck.
	DOMAINS:Chaos,Luck,Trade,Travel|PREALIGN:LG,NG,CG,LN,TN,CN,LE,NE,CE

Cold Rider
	KEY:Cold Rider
	SORTKEY:01_Birthright
	ALIGN:NE
	FACT:Title|The Usurper
	FACT:Symbol|Cloaked rider
	FACT:Worshippers|Warlock,Undead,Power-hungry
	FACTSET:Pantheon|Birthright
	FACTSET:Race|Undead
	DESC:The Cold Rider (Anuire) The Night Walker (Rjurik), The Darkling (Khinasi). The Cold Rider is figure of mystery -- a malignant will given body and form in the spirit world.
	DOMAINS:Charm,Death,Evil,Magic|PREALIGN:LE,NE,CE

Kartathok
	KEY:Kartathok
	SORTKEY:01_Birthright
	ALIGN:LE
	FACT:Title|The Great Slayer
	FACT:Symbol|Bloody spear
	FACT:Worshippers|Goblin,Warlock
	FACTSET:Pantheon|Birthright
	FACTSET:Race|Goblin
	DESC:Kartathok (car-tah-thock) is the lord and patron of all goblin-kind. He is a bloody god, and demands frequent sacrifices of foes, preferably those taken during raids or captured in battle.
	DOMAINS:Destruction,Evil,Law,Strength|PREALIGN:LE,NE,CE

Moradin
	KEY:Moradin
	SORTKEY:01_Birthright
	ALIGN:LG
	FACT:Title|The Soul Forger
	FACT:Symbol|Hammer and anvil
	FACT:Worshippers|Dwarf,Paladin
	FACTSET:Pantheon|Birthright
	FACTSET:Race|Dwarf
	DESC:Moradin (moar-uh-din ) is the father and creator of the dwarven race. He is a stern paternal deity, gruff and uncompromising, and hard as stone. A harsh but fair judge, he is strength and force of will embodied.
	DOMAINS:Earth,Good,Law,Protection|PREALIGN:LG,NG,CG,LN,TN,CN

Torazan
	KEY:Torazan
	SORTKEY:01_Birthright
	ALIGN:LE
	FACT:Title|Oroglord
	FACT:Symbol|Sword and horn
	FACT:Worshippers|Orog,Warlock
	FACTSET:Pantheon|Birthright
	FACTSET:Race|Orog
	DESC:Torazan (tor-ah-zan) is the infernal lord of the Orogs. Like his chosen people, Torazan's brutish appearance conceals an active mind. Torazan prizes ingenuity and slyness, for such traits bring victory in battle.
	DOMAINS:War,Earth,Law,Evil|PREALIGN:LE,NE,CE

Yeenoghu
	KEY:Yeenoghu
	SORTKEY:01_Birthright
	ALIGN:CE
	FACT:Title|Lord of Gnolls
	FACT:Symbol|Three headed flail
	FACT:Worshippers|Gnoll,Warlock
	FACTSET:Pantheon|Birthright
	FACTSET:Race|Gnoll
	DESC:Yeenoghu is the patron of all gnolls.
	DOMAINS:Chaos,Demonic,Evil,Strength|PREALIGN:CE

Baphomet
	KEY:Baphomet
	SORTKEY:01_Birthright
	ALIGN:CE
	FACT:Title|Lord of Minotaurs
	FACT:Symbol|Twisted circular maze awash in blood
	FACT:Worshippers|Minotaur,Warlock,Orog,Giant
	FACTSET:Pantheon|Birthright
	FACTSET:Race|Minotaur
	DESC:Baphomet is the embodiment of savagery, an insidious force that worms its way into the heart of his followers to deceive them into embracing brutality.
	DOMAINS:Chaos,Evil,Strength,Fury|PREALIGN:CN,NE,CE

Kostchtchie
	KEY:Kostchtchie
	SORTKEY:01_Birthright
	ALIGN:CE
	FACT:Title|Lord of the Frost Giants
	FACT:Symbol|Hammer rimed in bloody ice
	FACT:Worshippers|Frost Giant,Warlock
	FACTSET:Pantheon|Birthright
	FACTSET:Race|Frost Giant
	DESC:The deformed demon-giant, Kostchtchie rules the polluted frozen reaches of the Iron Wastes. He is the patron of frost giants and the lord of wrath and rage.
	DOMAINS:Chaos,Evil,Fury,Winter|PREALIGN:LE,NE,CE